// Jest Snapshot v1, https://goo.gl/fbAQLP

exports[`<App /> component should render succesfuly 1`] = `
<div>
  <h1>
    CRUD with HOOKS
  </h1>
</div>
`;
